.\gradlew.bat : 
WARNING: A restricted 
method in 
java.lang.System has 
been called
At line:1 char:1
+ .\gradlew.bat 
:app:compileDebugKotlin 
2>&1 | Out-File 
-FilePath "buil ...
+ ~~~~~~~~~~~~~~~~~~~~~~
~~~~~~~~~~~~~~~~~~~~
    + CategoryInfo      
        : NotSpecified  
  : (WARNING: A rest.   
 ..has been called:S    
tring) [], RemoteEx    
ception
    + FullyQualifiedErr 
   orId : NativeComman  
  dError
 
WARNING: 
java.lang.System::load 
has been called by net.r
ubygrapefruit.platform.i
nternal.NativeLibraryLoa
der in an unnamed 
module (file:/C:/Users/s
hiva/.gradle/wrapper/dis
ts/gradle-8.7-bin/bhs2wm
bdwecv87pi65oeuq5iu/grad
le-8.7/lib/native-platfo
rm-0.22-milestone-25.jar
)
WARNING: Use --enable-na
tive-access=ALL-UNNAMED 
to avoid a warning for 
callers in this module
WARNING: Restricted 
methods will be blocked 
in a future release 
unless native access is 
enabled

Calculating task graph as no cached configuration is available for tasks: :app:compileDebugKotlin

FAILURE: Build failed 
with an exception.

* What went wrong:
25.0.2

* Try:
> Run with --stacktrace 
option to get the stack 
trace.
> Run with --info or 
--debug option to get 
more log output.
> Run with --scan to 
get full insights.
> Get more help at 
https://help.gradle.org.

BUILD FAILED in 772ms
Configuration cache entry stored.
